// Jest Snapshot v1, https://goo.gl/fbAQLP

exports[`MBTAJourney renders MBTAJourney 1`] = `ShallowWrapper {}`;
