// Jest Snapshot v1, https://goo.gl/fbAQLP

exports[`DepartureStepContainer renders DepartureStepContainer 1`] = `ShallowWrapper {}`;
