// Jest Snapshot v1, https://goo.gl/fbAQLP

exports[`DirectionStepContainer renders DirectionStepContainer 1`] = `ShallowWrapper {}`;
