// Jest Snapshot v1, https://goo.gl/fbAQLP

exports[`RouteStepContainer renders RouteStepContainer 1`] = `ShallowWrapper {}`;
