// Jest Snapshot v1, https://goo.gl/fbAQLP

exports[`StopStepContainer renders StopStepContainer 1`] = `ShallowWrapper {}`;
